// Jest Snapshot v1, https://goo.gl/fbAQLP

exports[`App should render a <div /> 1`] = `
<div
  className="uk-container uk-container-small"
>
  <Header />
  <GraphHeaderContainer />
  <Graph />
  <div>
    time tabs
  </div>
</div>
`;
