// Jest Snapshot v1, https://goo.gl/fbAQLP

exports[`<Header /> it should render a <div /> 1`] = `
<div>
  <nav
    className="uk-navbar-container uk-navbar-transparent"
    uk-navbar={true}
  >
    <div
      className="uk-navbar-left"
    >
      <ul
        className="uk-navbar-nav"
      >
        <li>
          <a
            href=""
          >
            <span
              className="uk-badge top-badges"
            >
              Computer Hardware
            </span>
          </a>
        </li>
        <li>
          <a
            href=""
          >
            <span
              className="uk-badge top-badges"
            >
              100 Most Popular
            </span>
          </a>
        </li>
        <li>
          <a
            href=""
          >
            <span
              className="uk-badge top-badges"
            >
              Computer Software
            </span>
          </a>
        </li>
      </ul>
    </div>
  </nav>
</div>
`;
